
> peakers-client@0.1.0 build
> next build

Γû▓ Next.js 16.1.6 (Turbopack)
- Environments: .env
- Experiments (use with caution):
  ┬╖ optimizePackageImports

  Creating an optimized production build ...
Γ£ô Compiled successfully in 28.5s
  Running TypeScript ...
  Collecting page data using 11 workers ...
  Generating static pages using 11 workers (0/32) ...
  Generating static pages using 11 workers (8/32) 
  Generating static pages using 11 workers (16/32) 
  Generating static pages using 11 workers (24/32) 
Γ£ô Generating static pages using 11 workers (32/32) in 3.9s
  Finalizing page optimization ...

Route (app)
Γöî Γùï /
Γö£ Γùï /_not-found
Γö£ Γùï /allergens
Γö£ ╞Æ /api/reviews
Γö£ Γùï /careers
Γö£ Γùï /hitchin
Γö£ Γùï /home
Γö£ Γùï /house-made-sauces
Γö£ Γùï /menu
Γö£ Γùï /menu/drinks-and-desserts
Γö£ Γùï /menu/kids
Γö£ Γùï /menu/lunch-time-deals
Γö£ Γùï /menu/meal-box
Γö£ Γùï /menu/peri-peri-grilled-chicken
Γö£ Γùï /menu/rice-and-salad-bowls
Γö£ Γùï /menu/rice-bowls
Γö£ Γùï /menu/salad-bowls
Γö£ Γùï /menu/shakes
Γö£ Γùï /menu/sides-and-fries
Γö£ Γùï /menu/tenders
Γö£ Γùï /menu/veg
Γö£ Γùï /menu/whats-new
Γö£ Γùï /menu/wings
Γö£ Γùï /menu/wings-and-tenders
Γö£ Γùï /menu/wraps
Γö£ Γùï /privacy
Γö£ Γùï /stevenage
Γö£ ╞Æ /studio/[[...tool]]
Γö£ Γùï /terms
Γö£ Γùï /the-journey
Γöö Γùï /the-peckers-standard


Γùï  (Static)   prerendered as static content
╞Æ  (Dynamic)  server-rendered on demand

